// Jest Snapshot v1, https://goo.gl/fbAQLP

exports[`renders MyComponent correctly 1`] = `
<DocumentFragment>
  <div>
    <h1>
      Welcome to the Home Page!
    </h1>
    <p>
      This is the home component of your application.
    </p>
    <button>
      Get Started
    </button>
  </div>
</DocumentFragment>
`;
